Archive member included because of file (symbol)

C:\Users\LJ\eclipse-workspace\usart\Release\libusart.a(usart.o)
                              ./v6t2.o (usartInit)
c:/users/lj/desktop/3. godina/drugi semestar/razvoj softvera/bin/../lib/gcc/avr/4.3.3/avr5\libgcc.a(_udivmodsi4.o)
                              C:\Users\LJ\eclipse-workspace\usart\Release\libusart.a(usart.o) (__udivmodsi4)
c:/users/lj/desktop/3. godina/drugi semestar/razvoj softvera/bin/../lib/gcc/avr/4.3.3/avr5\libgcc.a(_exit.o)
                              c:/users/lj/desktop/3. godina/drugi semestar/razvoj softvera/bin/../lib/gcc/avr/4.3.3/../../../../avr/lib/avr5/crtm328p.o (exit)
c:/users/lj/desktop/3. godina/drugi semestar/razvoj softvera/bin/../lib/gcc/avr/4.3.3/avr5\libgcc.a(_copy_data.o)
                              ./v6t2.o (__do_copy_data)
c:/users/lj/desktop/3. godina/drugi semestar/razvoj softvera/bin/../lib/gcc/avr/4.3.3/avr5\libgcc.a(_clear_bss.o)
                              C:\Users\LJ\eclipse-workspace\usart\Release\libusart.a(usart.o) (__do_clear_bss)

Allocating common symbols
Common symbol       size              file

Rx_Buffer           0x40              C:\Users\LJ\eclipse-workspace\usart\Release\libusart.a(usart.o)

Memory Configuration

Name             Origin             Length             Attributes
text             0x00000000         0x00020000         xr
data             0x00800060         0x0000ffa0         rw !x
eeprom           0x00810000         0x00010000         rw !x
fuse             0x00820000         0x00000400         rw !x
lock             0x00830000         0x00000400         rw !x
signature        0x00840000         0x00000400         rw !x
*default*        0x00000000         0xffffffff

Linker script and memory map

Address of section .data set to 0x800100
LOAD c:/users/lj/desktop/3. godina/drugi semestar/razvoj softvera/bin/../lib/gcc/avr/4.3.3/../../../../avr/lib/avr5/crtm328p.o
LOAD ./v6t2.o
LOAD C:\Users\LJ\eclipse-workspace\usart\Release\libusart.a
LOAD c:/users/lj/desktop/3. godina/drugi semestar/razvoj softvera/bin/../lib/gcc/avr/4.3.3/avr5\libgcc.a
LOAD c:/users/lj/desktop/3. godina/drugi semestar/razvoj softvera/bin/../lib/gcc/avr/4.3.3/../../../../avr/lib/avr5\libc.a
LOAD c:/users/lj/desktop/3. godina/drugi semestar/razvoj softvera/bin/../lib/gcc/avr/4.3.3/avr5\libgcc.a

.hash
 *(.hash)

.dynsym
 *(.dynsym)

.dynstr
 *(.dynstr)

.gnu.version
 *(.gnu.version)

.gnu.version_d
 *(.gnu.version_d)

.gnu.version_r
 *(.gnu.version_r)

.rel.init
 *(.rel.init)

.rela.init
 *(.rela.init)

.rel.text
 *(.rel.text)
 *(.rel.text.*)
 *(.rel.gnu.linkonce.t*)

.rela.text
 *(.rela.text)
 *(.rela.text.*)
 *(.rela.gnu.linkonce.t*)

.rel.fini
 *(.rel.fini)

.rela.fini
 *(.rela.fini)

.rel.rodata
 *(.rel.rodata)
 *(.rel.rodata.*)
 *(.rel.gnu.linkonce.r*)

.rela.rodata
 *(.rela.rodata)
 *(.rela.rodata.*)
 *(.rela.gnu.linkonce.r*)

.rel.data
 *(.rel.data)
 *(.rel.data.*)
 *(.rel.gnu.linkonce.d*)

.rela.data
 *(.rela.data)
 *(.rela.data.*)
 *(.rela.gnu.linkonce.d*)

.rel.ctors
 *(.rel.ctors)

.rela.ctors
 *(.rela.ctors)

.rel.dtors
 *(.rel.dtors)

.rela.dtors
 *(.rela.dtors)

.rel.got
 *(.rel.got)

.rela.got
 *(.rela.got)

.rel.bss
 *(.rel.bss)

.rela.bss
 *(.rela.bss)

.rel.plt
 *(.rel.plt)

.rela.plt
 *(.rela.plt)

.text           0x00000000      0x41a
 *(.vectors)
 .vectors       0x00000000       0x68 c:/users/lj/desktop/3. godina/drugi semestar/razvoj softvera/bin/../lib/gcc/avr/4.3.3/../../../../avr/lib/avr5/crtm328p.o
                0x00000000                __vectors
                0x00000000                __vector_default
 *(.vectors)
 *(.progmem.gcc*)
 *(.progmem*)
                0x00000068                . = ALIGN (0x2)
                0x00000068                __trampolines_start = .
 *(.trampolines)
 .trampolines   0x00000068        0x0 linker stubs
 *(.trampolines*)
                0x00000068                __trampolines_end = .
 *(.jumptables)
 *(.jumptables*)
 *(.lowtext)
 *(.lowtext*)
                0x00000068                __ctors_start = .
 *(.ctors)
                0x00000068                __ctors_end = .
                0x00000068                __dtors_start = .
 *(.dtors)
                0x00000068                __dtors_end = .
 SORT(*)(.ctors)
 SORT(*)(.dtors)
 *(.init0)
 .init0         0x00000068        0x0 c:/users/lj/desktop/3. godina/drugi semestar/razvoj softvera/bin/../lib/gcc/avr/4.3.3/../../../../avr/lib/avr5/crtm328p.o
                0x00000068                __init
 *(.init0)
 *(.init1)
 *(.init1)
 *(.init2)
 .init2         0x00000068        0xc c:/users/lj/desktop/3. godina/drugi semestar/razvoj softvera/bin/../lib/gcc/avr/4.3.3/../../../../avr/lib/avr5/crtm328p.o
 *(.init2)
 *(.init3)
 *(.init3)
 *(.init4)
 .init4         0x00000074       0x16 c:/users/lj/desktop/3. godina/drugi semestar/razvoj softvera/bin/../lib/gcc/avr/4.3.3/avr5\libgcc.a(_copy_data.o)
                0x00000074                __do_copy_data
 .init4         0x0000008a       0x10 c:/users/lj/desktop/3. godina/drugi semestar/razvoj softvera/bin/../lib/gcc/avr/4.3.3/avr5\libgcc.a(_clear_bss.o)
                0x0000008a                __do_clear_bss
 *(.init4)
 *(.init5)
 *(.init5)
 *(.init6)
 *(.init6)
 *(.init7)
 *(.init7)
 *(.init8)
 *(.init8)
 *(.init9)
 .init9         0x0000009a        0x8 c:/users/lj/desktop/3. godina/drugi semestar/razvoj softvera/bin/../lib/gcc/avr/4.3.3/../../../../avr/lib/avr5/crtm328p.o
 *(.init9)
 *(.text)
 .text          0x000000a2        0x4 c:/users/lj/desktop/3. godina/drugi semestar/razvoj softvera/bin/../lib/gcc/avr/4.3.3/../../../../avr/lib/avr5/crtm328p.o
                0x000000a2                __vector_22
                0x000000a2                __vector_1
                0x000000a2                __vector_24
                0x000000a2                __vector_12
                0x000000a2                __bad_interrupt
                0x000000a2                __vector_6
                0x000000a2                __vector_3
                0x000000a2                __vector_23
                0x000000a2                __vector_25
                0x000000a2                __vector_11
                0x000000a2                __vector_13
                0x000000a2                __vector_17
                0x000000a2                __vector_19
                0x000000a2                __vector_7
                0x000000a2                __vector_5
                0x000000a2                __vector_4
                0x000000a2                __vector_9
                0x000000a2                __vector_2
                0x000000a2                __vector_21
                0x000000a2                __vector_15
                0x000000a2                __vector_8
                0x000000a2                __vector_14
                0x000000a2                __vector_10
                0x000000a2                __vector_16
                0x000000a2                __vector_20
 .text          0x000000a6        0x0 ./v6t2.o
 .text          0x000000a6        0x0 C:\Users\LJ\eclipse-workspace\usart\Release\libusart.a(usart.o)
 .text          0x000000a6        0x0 c:/users/lj/desktop/3. godina/drugi semestar/razvoj softvera/bin/../lib/gcc/avr/4.3.3/avr5\libgcc.a(_udivmodsi4.o)
 .text          0x000000a6        0x0 c:/users/lj/desktop/3. godina/drugi semestar/razvoj softvera/bin/../lib/gcc/avr/4.3.3/avr5\libgcc.a(_exit.o)
 .text          0x000000a6        0x0 c:/users/lj/desktop/3. godina/drugi semestar/razvoj softvera/bin/../lib/gcc/avr/4.3.3/avr5\libgcc.a(_copy_data.o)
 .text          0x000000a6        0x0 c:/users/lj/desktop/3. godina/drugi semestar/razvoj softvera/bin/../lib/gcc/avr/4.3.3/avr5\libgcc.a(_clear_bss.o)
                0x000000a6                . = ALIGN (0x2)
 *(.text.*)
 .text.main     0x000000a6       0xc8 ./v6t2.o
                0x000000a6                main
 .text.__vector_18
                0x0000016e       0x58 C:\Users\LJ\eclipse-workspace\usart\Release\libusart.a(usart.o)
                0x0000016e                __vector_18
 .text.usartInit
                0x000001c6       0x40 C:\Users\LJ\eclipse-workspace\usart\Release\libusart.a(usart.o)
                0x000001c6                usartInit
 .text.usartAvailable
                0x00000206        0x6 C:\Users\LJ\eclipse-workspace\usart\Release\libusart.a(usart.o)
                0x00000206                usartAvailable
 .text.usartPutChar
                0x0000020c       0x10 C:\Users\LJ\eclipse-workspace\usart\Release\libusart.a(usart.o)
                0x0000020c                usartPutChar
 .text.usartPutString
                0x0000021c       0x1a C:\Users\LJ\eclipse-workspace\usart\Release\libusart.a(usart.o)
                0x0000021c                usartPutString
 .text.usartPutString_P
                0x00000236       0x1e C:\Users\LJ\eclipse-workspace\usart\Release\libusart.a(usart.o)
                0x00000236                usartPutString_P
 .text.usartGetChar
                0x00000254       0x38 C:\Users\LJ\eclipse-workspace\usart\Release\libusart.a(usart.o)
                0x00000254                usartGetChar
 .text.usartGetString
                0x0000028c       0x3c C:\Users\LJ\eclipse-workspace\usart\Release\libusart.a(usart.o)
                0x0000028c                usartGetString
 .text.usartPeek
                0x000002c8       0x1a C:\Users\LJ\eclipse-workspace\usart\Release\libusart.a(usart.o)
                0x000002c8                usartPeek
 .text.usartParseInt
                0x000002e2       0xf0 C:\Users\LJ\eclipse-workspace\usart\Release\libusart.a(usart.o)
                0x000002e2                usartParseInt
 .text.libgcc   0x000003d2       0x44 c:/users/lj/desktop/3. godina/drugi semestar/razvoj softvera/bin/../lib/gcc/avr/4.3.3/avr5\libgcc.a(_udivmodsi4.o)
                0x000003d2                __udivmodsi4
 .text.libgcc   0x00000416        0x0 c:/users/lj/desktop/3. godina/drugi semestar/razvoj softvera/bin/../lib/gcc/avr/4.3.3/avr5\libgcc.a(_exit.o)
 .text.libgcc   0x00000416        0x0 c:/users/lj/desktop/3. godina/drugi semestar/razvoj softvera/bin/../lib/gcc/avr/4.3.3/avr5\libgcc.a(_copy_data.o)
 .text.libgcc   0x00000416        0x0 c:/users/lj/desktop/3. godina/drugi semestar/razvoj softvera/bin/../lib/gcc/avr/4.3.3/avr5\libgcc.a(_clear_bss.o)
                0x00000416                . = ALIGN (0x2)
 *(.fini9)
 .fini9         0x00000416        0x0 c:/users/lj/desktop/3. godina/drugi semestar/razvoj softvera/bin/../lib/gcc/avr/4.3.3/avr5\libgcc.a(_exit.o)
                0x00000416                exit
                0x00000416                _exit
 *(.fini9)
 *(.fini8)
 *(.fini8)
 *(.fini7)
 *(.fini7)
 *(.fini6)
 *(.fini6)
 *(.fini5)
 *(.fini5)
 *(.fini4)
 *(.fini4)
 *(.fini3)
 *(.fini3)
 *(.fini2)
 *(.fini2)
 *(.fini1)
 *(.fini1)
 *(.fini0)
 .fini0         0x00000416        0x4 c:/users/lj/desktop/3. godina/drugi semestar/razvoj softvera/bin/../lib/gcc/avr/4.3.3/avr5\libgcc.a(_exit.o)
 *(.fini0)
                0x0000041a                _etext = .

.data           0x00800100       0x2e load address 0x0000041a
                0x00800100                PROVIDE (__data_start, .)
 *(.data)
 .data          0x00800100        0x0 c:/users/lj/desktop/3. godina/drugi semestar/razvoj softvera/bin/../lib/gcc/avr/4.3.3/../../../../avr/lib/avr5/crtm328p.o
 .data          0x00800100       0x2e ./v6t2.o
 .data          0x0080012e        0x0 C:\Users\LJ\eclipse-workspace\usart\Release\libusart.a(usart.o)
 .data          0x0080012e        0x0 c:/users/lj/desktop/3. godina/drugi semestar/razvoj softvera/bin/../lib/gcc/avr/4.3.3/avr5\libgcc.a(_udivmodsi4.o)
 .data          0x0080012e        0x0 c:/users/lj/desktop/3. godina/drugi semestar/razvoj softvera/bin/../lib/gcc/avr/4.3.3/avr5\libgcc.a(_exit.o)
 .data          0x0080012e        0x0 c:/users/lj/desktop/3. godina/drugi semestar/razvoj softvera/bin/../lib/gcc/avr/4.3.3/avr5\libgcc.a(_copy_data.o)
 .data          0x0080012e        0x0 c:/users/lj/desktop/3. godina/drugi semestar/razvoj softvera/bin/../lib/gcc/avr/4.3.3/avr5\libgcc.a(_clear_bss.o)
 *(.data*)
 *(.rodata)
 *(.rodata*)
 *(.gnu.linkonce.d*)
                0x0080012e                . = ALIGN (0x2)
                0x0080012e                _edata = .
                0x0080012e                PROVIDE (__data_end, .)

.bss            0x0080012e       0x43
                0x0080012e                PROVIDE (__bss_start, .)
 *(.bss)
 .bss           0x0080012e        0x0 c:/users/lj/desktop/3. godina/drugi semestar/razvoj softvera/bin/../lib/gcc/avr/4.3.3/../../../../avr/lib/avr5/crtm328p.o
 .bss           0x0080012e        0x0 ./v6t2.o
 .bss           0x0080012e        0x0 C:\Users\LJ\eclipse-workspace\usart\Release\libusart.a(usart.o)
 .bss           0x0080012e        0x0 c:/users/lj/desktop/3. godina/drugi semestar/razvoj softvera/bin/../lib/gcc/avr/4.3.3/avr5\libgcc.a(_udivmodsi4.o)
 .bss           0x0080012e        0x0 c:/users/lj/desktop/3. godina/drugi semestar/razvoj softvera/bin/../lib/gcc/avr/4.3.3/avr5\libgcc.a(_exit.o)
 .bss           0x0080012e        0x0 c:/users/lj/desktop/3. godina/drugi semestar/razvoj softvera/bin/../lib/gcc/avr/4.3.3/avr5\libgcc.a(_copy_data.o)
 .bss           0x0080012e        0x0 c:/users/lj/desktop/3. godina/drugi semestar/razvoj softvera/bin/../lib/gcc/avr/4.3.3/avr5\libgcc.a(_clear_bss.o)
 *(.bss*)
 .bss.Rx_Buffer_Size
                0x0080012e        0x1 C:\Users\LJ\eclipse-workspace\usart\Release\libusart.a(usart.o)
                0x0080012e                Rx_Buffer_Size
 .bss.Rx_Buffer_First
                0x0080012f        0x1 C:\Users\LJ\eclipse-workspace\usart\Release\libusart.a(usart.o)
                0x0080012f                Rx_Buffer_First
 .bss.Rx_Buffer_Last
                0x00800130        0x1 C:\Users\LJ\eclipse-workspace\usart\Release\libusart.a(usart.o)
                0x00800130                Rx_Buffer_Last
 *(COMMON)
 COMMON         0x00800131       0x40 C:\Users\LJ\eclipse-workspace\usart\Release\libusart.a(usart.o)
                0x00800131                Rx_Buffer
                0x00800171                PROVIDE (__bss_end, .)
                0x0000041a                __data_load_start = LOADADDR (.data)
                0x00000448                __data_load_end = (__data_load_start + SIZEOF (.data))

.noinit         0x00800171        0x0
                0x00800171                PROVIDE (__noinit_start, .)
 *(.noinit*)
                0x00800171                PROVIDE (__noinit_end, .)
                0x00800171                _end = .
                0x00800171                PROVIDE (__heap_start, .)

.eeprom         0x00810000        0x0
 *(.eeprom*)
                0x00810000                __eeprom_end = .

.fuse
 *(.fuse)
 *(.lfuse)
 *(.hfuse)
 *(.efuse)

.lock
 *(.lock*)

.signature
 *(.signature*)

.stab
 *(.stab)

.stabstr
 *(.stabstr)

.stab.excl
 *(.stab.excl)

.stab.exclstr
 *(.stab.exclstr)

.stab.index
 *(.stab.index)

.stab.indexstr
 *(.stab.indexstr)

.comment
 *(.comment)

.debug
 *(.debug)

.line
 *(.line)

.debug_srcinfo
 *(.debug_srcinfo)

.debug_sfnames
 *(.debug_sfnames)

.debug_aranges
 *(.debug_aranges)

.debug_pubnames
 *(.debug_pubnames)

.debug_info
 *(.debug_info)
 *(.gnu.linkonce.wi.*)

.debug_abbrev
 *(.debug_abbrev)

.debug_line
 *(.debug_line)

.debug_frame
 *(.debug_frame)

.debug_str
 *(.debug_str)

.debug_loc
 *(.debug_loc)

.debug_macinfo
 *(.debug_macinfo)
OUTPUT(v6t2.elf elf32-avr)
LOAD linker stubs
